exports[`Autocomplete renders correctly with element child 1`] = `
<input
  onChange={[Function anonymous]}
  onKeyDown={[Function anonymous]}
  value="test" />
`;

exports[`Autocomplete renders correctly with function child 1`] = `
<input
  onChange={[Function anonymous]}
  onKeyDown={[Function anonymous]}
  value="test" />
`;
